#-----------------------------------------------------------
# Vivado v2018.3 (64-bit)
# SW Build 2405991 on Thu Dec  6 23:38:27 MST 2018
# IP Build 2404404 on Fri Dec  7 01:43:56 MST 2018
# Start of session at: Sat Nov  9 09:48:49 2019
# Process ID: 10936
# Current directory: C:/Users/maade/Desktop/ECE 410 LAB/LAB 2/USB Stuff/lab2-sd/DNA/DNA_Sequence
# Command line: vivado.exe -gui_launcher_event rodinguilauncherevent16740 C:\Users\maade\Desktop\ECE 410 LAB\LAB 2\USB Stuff\lab2-sd\DNA\DNA_Sequence\DNA_Sequence.xpr
# Log file: C:/Users/maade/Desktop/ECE 410 LAB/LAB 2/USB Stuff/lab2-sd/DNA/DNA_Sequence/vivado.log
# Journal file: C:/Users/maade/Desktop/ECE 410 LAB/LAB 2/USB Stuff/lab2-sd/DNA/DNA_Sequence\vivado.jou
#-----------------------------------------------------------
start_gui
open_project {C:/Users/maade/Desktop/ECE 410 LAB/LAB 2/USB Stuff/lab2-sd/DNA/DNA_Sequence/DNA_Sequence.xpr}
update_compile_order -fileset sources_1
# Disabling source management mode.  This is to allow the top design properties to be set without GUI intervention.
set_property source_mgmt_mode None [current_project]
set_property top dna_tb [get_filesets sim_1]
set_property top_lib xil_defaultlib [get_filesets sim_1]
# Re-enabling previously disabled source management mode.
set_property source_mgmt_mode All [current_project]
update_compile_order -fileset sim_1
synth_design -rtl -name rtl_1
